// Jest Snapshot v1, https://goo.gl/fbAQLP

exports[`pick chains 1`] = `
Array [
  "sojanode",
  "cosmos",
  "akash",
]
`;
